#-----------------------------------------------------------
# Vivado v2016.2 (64-bit)
# SW Build 1577090 on Thu Jun  2 16:32:40 MDT 2016
# IP Build 1577682 on Fri Jun  3 12:00:54 MDT 2016
# Start of session at: Sat Nov 26 11:28:30 2016
# Process ID: 2292
# Current directory: H:/Senior_Design
# Command line: vivado.exe -gui_launcher_event rodinguilauncherevent8124 H:\Senior_Design\Senior_Design.xpr
# Log file: H:/Senior_Design/vivado.log
# Journal file: H:/Senior_Design\vivado.jou
#-----------------------------------------------------------
start_gui
open_project H:/Senior_Design/Senior_Design.xpr
update_compile_order -fileset sources_1
launch_simulation
open_wave_config H:/Senior_Design/FIFO_tb_behav.wcfg
source FIFO_tb.tcl
synth_design -rtl -name rtl_1
close [ open H:/Senior_Design/Senior_Design.srcs/sources_1/new/clk_divider.vhd w ]
add_files H:/Senior_Design/Senior_Design.srcs/sources_1/new/clk_divider.vhd
update_compile_order -fileset sources_1
set_property SOURCE_SET sources_1 [get_filesets sim_1]
close [ open H:/Senior_Design/Senior_Design.srcs/sim_1/new/clk_divider_tb.vhd w ]
add_files -fileset sim_1 H:/Senior_Design/Senior_Design.srcs/sim_1/new/clk_divider_tb.vhd
update_compile_order -fileset sim_1
# Disabling source management mode.  This is to allow the top design properties to be set without GUI intervention.
set_property source_mgmt_mode None [current_project]
set_property top clk_divider_tb [get_filesets sim_1]
set_property top_lib xil_defaultlib [get_filesets sim_1]
# Re-enabling previously disabled source management mode.
set_property source_mgmt_mode All [current_project]
update_compile_order -fileset sim_1
set_property -name {xsim.simulate.runtime} -value {600ns} -objects [get_filesets sim_1]
launch_simulation
launch_simulation
launch_simulation
open_wave_config H:/Senior_Design/FIFO_tb_behav.wcfg
source clk_divider_tb.tcl
restart
run 600 ns
add_wave {{/clk_divider_tb/fpga_clk}} {{/clk_divider_tb/divided_clk}} {{/clk_divider_tb/fifo_read_clk}} 
add_wave {{/clk_divider_tb/clk_sel}} 
restart
run 600 ns
add_files -fileset constrs_1 -norecurse H:/Senior_Design/xem7001.xdc
save_wave_config {H:/Senior_Design/FIFO_tb_behav.wcfg}
launch_runs impl_1
wait_on_run impl_1
close_sim
close_sim
