#-----------------------------------------------------------
# Vivado v2016.4 (64-bit)
# SW Build 1733598 on Wed Dec 14 22:35:39 MST 2016
# IP Build 1731160 on Wed Dec 14 23:47:21 MST 2016
# Start of session at: Sat Apr 08 11:10:07 2017
# Process ID: 4420
# Current directory: C:/Users/Keon/Dropbox/Senior_Design_3/Senior_Design_Test
# Command line: vivado.exe -gui_launcher_event rodinguilauncherevent2620 C:\Users\Keon\Dropbox\Senior_Design_3\Senior_Design_Test\Senior_Design_Test.xpr
# Log file: C:/Users/Keon/Dropbox/Senior_Design_3/Senior_Design_Test/vivado.log
# Journal file: C:/Users/Keon/Dropbox/Senior_Design_3/Senior_Design_Test\vivado.jou
#-----------------------------------------------------------
start_gui
open_project C:/Users/Keon/Dropbox/Senior_Design_3/Senior_Design_Test/Senior_Design_Test.xpr
launch_simulation
launch_simulation
open_wave_config C:/Users/Keon/Dropbox/Senior_Design_3/Senior_Design/FIFO_tb_behav.wcfg
open_wave_config C:/Users/Keon/Dropbox/Senior_Design_3/Senior_Design/LAnalyser_tb_behav.wcfg
source logic_analyser_tb.tcl
close_sim
launch_simulation
open_wave_config C:/Users/Keon/Dropbox/Senior_Design_3/Senior_Design/FIFO_tb_behav.wcfg
open_wave_config C:/Users/Keon/Dropbox/Senior_Design_3/Senior_Design/LAnalyser_tb_behav.wcfg
source logic_analyser_tb.tcl
save_wave_config {C:/Users/Keon/Dropbox/Senior_Design_3/Senior_Design/LAnalyser_tb_behav.wcfg}
restart
close_sim
launch_simulation
open_wave_config C:/Users/Keon/Dropbox/Senior_Design_3/Senior_Design/FIFO_tb_behav.wcfg
open_wave_config C:/Users/Keon/Dropbox/Senior_Design_3/Senior_Design/LAnalyser_tb_behav.wcfg
source logic_analyser_tb.tcl
close_sim
launch_simulation
open_wave_config C:/Users/Keon/Dropbox/Senior_Design_3/Senior_Design/FIFO_tb_behav.wcfg
open_wave_config C:/Users/Keon/Dropbox/Senior_Design_3/Senior_Design/LAnalyser_tb_behav.wcfg
source logic_analyser_tb.tcl
close_sim
launch_simulation
open_wave_config C:/Users/Keon/Dropbox/Senior_Design_3/Senior_Design/FIFO_tb_behav.wcfg
open_wave_config C:/Users/Keon/Dropbox/Senior_Design_3/Senior_Design/LAnalyser_tb_behav.wcfg
source logic_analyser_tb.tcl
close_sim
launch_simulation
open_wave_config C:/Users/Keon/Dropbox/Senior_Design_3/Senior_Design/FIFO_tb_behav.wcfg
open_wave_config C:/Users/Keon/Dropbox/Senior_Design_3/Senior_Design/LAnalyser_tb_behav.wcfg
source logic_analyser_tb.tcl
close_sim
launch_simulation
open_wave_config C:/Users/Keon/Dropbox/Senior_Design_3/Senior_Design/FIFO_tb_behav.wcfg
open_wave_config C:/Users/Keon/Dropbox/Senior_Design_3/Senior_Design/LAnalyser_tb_behav.wcfg
source logic_analyser_tb.tcl
close_sim
launch_simulation
open_wave_config C:/Users/Keon/Dropbox/Senior_Design_3/Senior_Design/FIFO_tb_behav.wcfg
open_wave_config C:/Users/Keon/Dropbox/Senior_Design_3/Senior_Design/LAnalyser_tb_behav.wcfg
source logic_analyser_tb.tcl
close_sim
launch_simulation
launch_simulation
open_wave_config C:/Users/Keon/Dropbox/Senior_Design_3/Senior_Design/FIFO_tb_behav.wcfg
open_wave_config C:/Users/Keon/Dropbox/Senior_Design_3/Senior_Design/LAnalyser_tb_behav.wcfg
source logic_analyser_tb.tcl
close_sim
launch_simulation
open_wave_config C:/Users/Keon/Dropbox/Senior_Design_3/Senior_Design/FIFO_tb_behav.wcfg
open_wave_config C:/Users/Keon/Dropbox/Senior_Design_3/Senior_Design/LAnalyser_tb_behav.wcfg
source logic_analyser_tb.tcl
