#-----------------------------------------------------------
# Vivado v2016.4 (64-bit)
# SW Build 1733598 on Wed Dec 14 22:35:39 MST 2016
# IP Build 1731160 on Wed Dec 14 23:47:21 MST 2016
# Start of session at: Thu Feb 16 14:50:54 2017
# Process ID: 13400
# Current directory: C:/Users/Jay/Dropbox/Senior_Design
# Command line: vivado.exe -gui_launcher_event rodinguilauncherevent17296 C:\Users\Jay\Dropbox\Senior_Design\Senior_Design.xpr
# Log file: C:/Users/Jay/Dropbox/Senior_Design/vivado.log
# Journal file: C:/Users/Jay/Dropbox/Senior_Design\vivado.jou
#-----------------------------------------------------------
start_gui
open_project C:/Users/Jay/Dropbox/Senior_Design/Senior_Design.xpr
open_hw
connect_hw_server
open_hw_target
current_hw_device [lindex [get_hw_devices xc7a100t_0] 0]
refresh_hw_device -update_hw_probes false [lindex [get_hw_devices xc7a100t_0] 0]
set_property PROBES.FILE {} [lindex [get_hw_devices xc7a100t_0] 0]
set_property PROGRAM.FILE {C:/Users/Jay/Dropbox/Senior_Design_Test/Senior_Design.runs/impl_2/logic_analyser.bit} [lindex [get_hw_devices xc7a100t_0] 0]
program_hw_devices [lindex [get_hw_devices xc7a100t_0] 0]
refresh_hw_device [lindex [get_hw_devices xc7a100t_0] 0]
launch_simulation
open_wave_config C:/Users/Jay/Dropbox/Senior_Design/FIFO_tb_behav.wcfg
open_wave_config C:/Users/Jay/Dropbox/Senior_Design/LAnalyser_tb_behav.wcfg
source logic_analyser_tb.tcl
close_sim
